tool agent: 60,000 propositions loaded READ-ONLY from C:\Projects\HybridLLM\state\language_state.json
tool agent: 60,000 propositions loaded READ-ONLY from C:\Projects\HybridLLM\state\language_state.json
{
 "attempted": 400,
 "generated": 399,
 "duplicate": 60,
 "verification_failed": 60,
 "empty": 1,
 "known": 0,
 "too_hard": 100,
 "self_distill": 69,
 "stopped": null,
 "oracle_empties_recent": [
  {
   "attempt": 214,
   "reason": "query_budget_exceeded (1412 > 1200)"
  }
 ],
 "self_distill_final": 69,
 "screened_final": 100,
 "distribution_self_distill": {
  "histogram": {
   "None|string|None": 13,
   "None|list|None": 9,
   "None|number|None": 5,
   "None|tuple|None": 3,
   "area|rectangle|int": 3,
   "minimum|list|int": 2,
   "sort|tuple|list": 2,
   "frequency|dictionary|expr": 2,
   "count|string|int": 2,
   "surface_area|cube|int": 2,
   "None|cube|None": 1,
   "maximum|list|int": 1,
   "volume|cylinder|float": 1,
   "None|integer|None": 1,
   "product|tuple|int": 1,
   "count|list|int": 1,
   "unique|list|expr": 1,
   "count|tuple|int": 1,
   "length|rectangle|int": 1,
   "volume|cone|float": 1,
   "None|character|None": 1,
   "unique|string|bool": 1,
   "sort|list|list": 1,
   "None|None|None": 1,
   "unique|list|bool": 1,
   "sort|dictionary|list": 1,
   "sum_of_digits|integer|int": 1,
   "count|list|list": 1,
   "minimum|list|mixed": 1,
   "unique|list|int": 1,
   "maximum|tuple|int": 1,
   "sum|integer|int": 1,
   "length|string|expr": 1,
   "sum_of_squares|integer|int": 1,
   "frequency|string|bool": 1,
   "None|triangle|None": 1
  },
  "distinct_keys": 36,
  "keys_with_repeats": 10,
  "max_repeat": 13
 },
 "distribution_screened": {
  "histogram": {
   "None|list|None": 12,
   "None|string|None": 11,
   "count|string|int": 8,
   "None|number|None": 6,
   "sort|list|list": 3,
   "maximum|None|None": 3,
   "None|tuple|None": 3,
   "sum|list|int": 2,
   "maximum|tuple|expr": 2,
   "length|string|bool": 2,
   "sum|number|int": 2,
   "None|integer|None": 2,
   "count|list|int": 2,
   "sum|cube|int": 2,
   "sum|integer|int": 1,
   "reverse|None|None": 1,
   "minimum|list|int": 1,
   "sort|string|list": 1,
   "volume|rectangle|mixed": 1,
   "minimum|number|int": 1,
   "sum|integer|bool": 1,
   "surface_area|cylinder|float": 1,
   "None|dictionary|None": 1,
   "maximum|tuple|str": 1,
   "count|integer|int": 1,
   "minimum|integer|int": 1,
   "sort|list|int": 1,
   "None|matrix|None": 1,
   "sum_of_distinct|number|bool": 1,
   "volume|None|None": 1,
   "product|list|int": 1,
   "sort|list|bool": 1,
   "None|None|None": 1,
   "minimum|list|expr": 1,
   "count|dictionary|dict": 1,
   "unique|number|int": 1,
   "length|string|int": 1,
   "sum_of_squares|integer|int": 1,
   "None|rectangle|None": 1,
   "length|tuple|expr": 1,
   "length|string|list": 1,
   "surface_area|rectangle|int": 1,
   "surface_area|cone|float": 1,
   "unique|string|bool": 1,
   "count|number|int": 1,
   "length|triangle|float": 1,
   "product|number|int": 1,
   "minimum|number|mixed": 1,
   "sort|list|str": 1,
   "maximum|number|int": 1,
   "count|list|list": 1,
   "elementwise_sum|tuple|expr": 1,
   "maximum|number|mixed": 1,
   "minimum|list|list": 1
  },
  "distinct_keys": 54,
  "keys_with_repeats": 14,
  "max_repeat": 12
 }
}
